// Vitest Snapshot v1, https://vitest.dev/guide/snapshot.html

exports[`displays the Git ignore warning when changed npmrc files are ignored 1`] = `
"┌  📦🔑 Configure vsts-npm-auth-improved 📦🔑
│
◆  Where should package.json files be searched for?
│  ./█
└
◇  Where should package.json files be searched for?
│  ./
│
◇  Found 1 package.json file.
│
◆  Which packages should be configured?
│  ◻ ALL (Configure every package)
│  ◻ package.json
│  ↑/↓ to navigate • Space: select • Enter: confirm
└
│  ◻ ALL│  ◼ package.json◇  Which packages should be configured?
│  package.json
│
◆  Registry URL for package.json
│  https://registry.example.com/
└
│  h█│  ht█│  htt█│  http█│  https█│  https:█│  https:/█│  https://█│  https://r█│  https://re█│  https://reg█│  https://regi█│  https://regis█│  https://regist█│  https://registr█│  https://registry█│  https://registry.█│  https://registry.e█│  https://registry.ex█│  https://registry.exa█│  https://registry.exam█│  https://registry.examp█│  https://registry.exampl█│  https://registry.example█│  https://registry.example.█│  https://registry.example.t█│  https://registry.example.te█│  https://registry.example.tes█│  https://registry.example.test█│  https://registry.example.test/█◇  Registry URL for package.json
│  https://registry.example.test/
│
◇  Configuration files are ready.
│
◆  Packages: 1 configured (1 changed, 0 unchanged); files: 1 created, 1 updated, 0 unchanged.
│
▲  The following .npmrc files were created or updated but are ignored by Git.
│  Project-level .npmrc files are often committed so npm settings are shared with other contributors.
│  Review each file for credentials or other secrets, then remove the relevant .gitignore rules and commit and push any files that are safe to share:
│
│  - .npmrc
│
└  Authentication configuration complete. 😊

"
`;

exports[`does not display the Git ignore warning when no changed npmrc files are ignored 1`] = `
"┌  📦🔑 Configure vsts-npm-auth-improved 📦🔑
│
◆  Where should package.json files be searched for?
│  ./█
└
◇  Where should package.json files be searched for?
│  ./
│
◇  Found 1 package.json file.
│
◆  Which packages should be configured?
│  ◻ ALL (Configure every package)
│  ◻ package.json
│  ↑/↓ to navigate • Space: select • Enter: confirm
└
│  ◻ ALL│  ◼ package.json◇  Which packages should be configured?
│  package.json
│
◆  Registry URL for package.json
│  https://registry.example.com/
└
│  h█│  ht█│  htt█│  http█│  https█│  https:█│  https:/█│  https://█│  https://r█│  https://re█│  https://reg█│  https://regi█│  https://regis█│  https://regist█│  https://registr█│  https://registry█│  https://registry.█│  https://registry.e█│  https://registry.ex█│  https://registry.exa█│  https://registry.exam█│  https://registry.examp█│  https://registry.exampl█│  https://registry.example█│  https://registry.example.█│  https://registry.example.t█│  https://registry.example.te█│  https://registry.example.tes█│  https://registry.example.test█│  https://registry.example.test/█◇  Registry URL for package.json
│  https://registry.example.test/
│
◇  Configuration files are ready.
│
◆  Packages: 1 configured (1 changed, 0 unchanged); files: 1 created, 1 updated, 0 unchanged.
│
└  Authentication configuration complete. 😊

"
`;
