// Vitest Snapshot v1, https://vitest.dev/guide/snapshot.html

exports[`configures package.json content: creates managed scripts and the development dependency 1`] = `
"┌  📦🔑 Configure vsts-npm-auth-improved 📦🔑
│
◆  Where should package.json files be searched for?
│  ./█
└
◇  Where should package.json files be searched for?
│  ./
│
◇  Found 1 package.json file.
│
◆  Which packages should be configured?
│  ◻ ALL (Configure every package)
│  ◻ package.json
│  ↑/↓ to navigate • Space: select • Enter: confirm
└
│  ◻ ALL│  ◼ package.json◇  Which packages should be configured?
│  package.json
│
◇  Configuration files are ready.
│
◆  Changed 1 file in 1 package
│
│  ./
│    UPDATED    package.json
│    UNCHANGED  .npmrc
│
◇  Next step ───────────────────────────────────────────────────╮
│                                                               │
│  Install packages with authentication handled automatically:  │
│                                                               │
│  npm run install-packages                                     │
│                                                               │
│  Use this command instead of npm install.                     │
│                                                               │
├───────────────────────────────────────────────────────────────╯
│
└  Authentication configuration complete. 😊

"
`;

exports[`configures package.json content: discards invalid managed entries while preserving valid entries 1`] = `
"┌  📦🔑 Configure vsts-npm-auth-improved 📦🔑
│
◆  Where should package.json files be searched for?
│  ./█
└
◇  Where should package.json files be searched for?
│  ./
│
◇  Found 1 package.json file.
│
◆  Which packages should be configured?
│  ◻ ALL (Configure every package)
│  ◻ package.json
│  ↑/↓ to navigate • Space: select • Enter: confirm
└
│  ◻ ALL│  ◼ package.json◇  Which packages should be configured?
│  package.json
│
◇  Configuration files are ready.
│
◆  Changed 1 file in 1 package
│
│  ./
│    UPDATED    package.json
│    UNCHANGED  .npmrc
│
◇  Next step ───────────────────────────────────────────────────╮
│                                                               │
│  Install packages with authentication handled automatically:  │
│                                                               │
│  npm run install-packages                                     │
│                                                               │
│  Use this command instead of npm install.                     │
│                                                               │
├───────────────────────────────────────────────────────────────╯
│
└  Authentication configuration complete. 😊

"
`;

exports[`configures package.json content: overwrites conflicts while preserving unrelated fields dependencies and scripts 1`] = `
"┌  📦🔑 Configure vsts-npm-auth-improved 📦🔑
│
◆  Where should package.json files be searched for?
│  ./█
└
◇  Where should package.json files be searched for?
│  ./
│
◇  Found 1 package.json file.
│
◆  Which packages should be configured?
│  ◻ ALL (Configure every package)
│  ◻ package.json
│  ↑/↓ to navigate • Space: select • Enter: confirm
└
│  ◻ ALL│  ◼ package.json◇  Which packages should be configured?
│  package.json
│
◇  Configuration files are ready.
│
◆  Changed 1 file in 1 package
│
│  ./
│    UPDATED    package.json
│    UNCHANGED  .npmrc
│
◇  Next step ───────────────────────────────────────────────────╮
│                                                               │
│  Install packages with authentication handled automatically:  │
│                                                               │
│  npm run install-packages                                     │
│                                                               │
│  Use this command instead of npm install.                     │
│                                                               │
├───────────────────────────────────────────────────────────────╯
│
└  Authentication configuration complete. 😊

"
`;

exports[`configures package.json content: preserves and reconciles every dependency section 1`] = `
"┌  📦🔑 Configure vsts-npm-auth-improved 📦🔑
│
◆  Where should package.json files be searched for?
│  ./█
└
◇  Where should package.json files be searched for?
│  ./
│
◇  Found 1 package.json file.
│
◆  Which packages should be configured?
│  ◻ ALL (Configure every package)
│  ◻ package.json
│  ↑/↓ to navigate • Space: select • Enter: confirm
└
│  ◻ ALL│  ◼ package.json◇  Which packages should be configured?
│  package.json
│
◇  Configuration files are ready.
│
◆  Changed 1 file in 1 package
│
│  ./
│    UPDATED    package.json
│    UNCHANGED  .npmrc
│
◇  Next step ───────────────────────────────────────────────────╮
│                                                               │
│  Install packages with authentication handled automatically:  │
│                                                               │
│  npm run install-packages                                     │
│                                                               │
│  Use this command instead of npm install.                     │
│                                                               │
├───────────────────────────────────────────────────────────────╯
│
└  Authentication configuration complete. 😊

"
`;

exports[`configures package.json content: replaces non-object script and dependency containers 1`] = `
"┌  📦🔑 Configure vsts-npm-auth-improved 📦🔑
│
◆  Where should package.json files be searched for?
│  ./█
└
◇  Where should package.json files be searched for?
│  ./
│
◇  Found 1 package.json file.
│
◆  Which packages should be configured?
│  ◻ ALL (Configure every package)
│  ◻ package.json
│  ↑/↓ to navigate • Space: select • Enter: confirm
└
│  ◻ ALL│  ◼ package.json◇  Which packages should be configured?
│  package.json
│
◇  Configuration files are ready.
│
◆  Changed 1 file in 1 package
│
│  ./
│    UPDATED    package.json
│    UNCHANGED  .npmrc
│
◇  Next step ───────────────────────────────────────────────────╮
│                                                               │
│  Install packages with authentication handled automatically:  │
│                                                               │
│  npm run install-packages                                     │
│                                                               │
│  Use this command instead of npm install.                     │
│                                                               │
├───────────────────────────────────────────────────────────────╯
│
└  Authentication configuration complete. 😊

"
`;

exports[`migrates to install-packages scripts and restores chained preinstall work 1`] = `
"┌  📦🔑 Configure vsts-npm-auth-improved 📦🔑
│
◆  Where should package.json files be searched for?
│  ./█
└
◇  Where should package.json files be searched for?
│  ./
│
◇  Found 1 package.json file.
│
◆  Which packages should be configured?
│  ◻ ALL (Configure every package)
│  ◻ package.json
│  ↑/↓ to navigate • Space: select • Enter: confirm
└
│  ◻ ALL│  ◼ package.json◇  Which packages should be configured?
│  package.json
│
◇  Configuration files are ready.
│
◆  Changed 1 file in 1 package
│
│  ./
│    UPDATED    package.json
│    UNCHANGED  .npmrc
│
◇  Next step ───────────────────────────────────────────────────╮
│                                                               │
│  Install packages with authentication handled automatically:  │
│                                                               │
│  npm run install-packages                                     │
│                                                               │
│  Use this command instead of npm install.                     │
│                                                               │
├───────────────────────────────────────────────────────────────╯
│
└  Authentication configuration complete. 😊

"
`;
