// Vitest Snapshot v1, https://vitest.dev/guide/snapshot.html

exports[`non-Windows flow skips all auth option prompts 1`] = `
"
┌  📦🔑 Welcome to vsts-npm-auth-improved 1.0.0-alpha.0 📦🔑
│
▲  Automatic NPM registry authentication is only supported on Windows. No authentication will be performed. Make sure you have manually configured authentication, or npm install will fail.
│
└  Automatic authentication skipped."
`;
